[32;20m[2026-09-28 21:47:11,536] LMCache INFO:[0m torch_dev=<module 'torch.cuda' from '/home/alexsky2/Company/tmp/venvs/gpu/lib/python3.12/site-packages/torch/cuda/__init__.py'>, torch_device_type=cuda [3m(_device_detect.py:312:lmcache.v1.platform._device_detect)[0m
[32;20m[2026-09-28 21:47:11,537] LMCache INFO:[0m Auto-selected backend [cuda] for accelerator 'cuda' from candidate backends [cuda, rocm]. [3m(__init__.py:148:lmcache.v1.platform)[0m

 _     __  __    ____           _          
| |   |  \/  |  / ___|__ _  ___| |__   ___      LMCache v0.5.5 (g05a013b2)
| |   | |\/| | | |   / _` |/ __| '_ \ / _ \     Website:  https://lmcache.ai/
| |___| |  | | | |__| (_| | (__| | | |  __/     Recipes:  https://docs.lmcache.ai/recipes
|_____|_|  |_|  \____\__,_|\___|_| |_|\___|     LinkedIn: https://www.linkedin.com/company/lmcache-lab
Set LMCACHE_DISABLE_BANNER=1 to hide this banner.

[32;20m[2026-09-28 21:47:11,947] LMCache INFO:[0m multi_layer_block_kv_transfer mode: ptr [3m(base.py:95:lmcache.v1.multiprocess.transfer_context.base)[0m
[32;20m[2026-09-28 21:47:13,265] LMCache INFO:[0m Discovered API module: cache_api [3m(router_discovery.py:53:lmcache.v1.utils.router_discovery)[0m
[32;20m[2026-09-28 21:47:13,266] LMCache INFO:[0m Discovered API module: env_api [3m(router_discovery.py:53:lmcache.v1.utils.router_discovery)[0m
[32;20m[2026-09-28 21:47:13,266] LMCache INFO:[0m Discovered API module: loglevel_api [3m(router_discovery.py:53:lmcache.v1.utils.router_discovery)[0m
[32;20m[2026-09-28 21:47:13,267] LMCache INFO:[0m Discovered API module: metrics_api [3m(router_discovery.py:53:lmcache.v1.utils.router_discovery)[0m
[32;20m[2026-09-28 21:47:13,268] LMCache INFO:[0m Discovered API module: periodic_thread_api [3m(router_discovery.py:53:lmcache.v1.utils.router_discovery)[0m
[32;20m[2026-09-28 21:47:13,268] LMCache INFO:[0m Discovered API module: run_script_api [3m(router_discovery.py:53:lmcache.v1.utils.router_discovery)[0m
[32;20m[2026-09-28 21:47:13,269] LMCache INFO:[0m Discovered API module: thread_api [3m(router_discovery.py:53:lmcache.v1.utils.router_discovery)[0m
[32;20m[2026-09-28 21:47:13,271] LMCache INFO:[0m Discovered API module: common_api [3m(router_discovery.py:53:lmcache.v1.utils.router_discovery)[0m
[32;20m[2026-09-28 21:47:13,272] LMCache INFO:[0m Discovered API module: config_api [3m(router_discovery.py:53:lmcache.v1.utils.router_discovery)[0m
[32;20m[2026-09-28 21:47:13,273] LMCache INFO:[0m Discovered API module: info_api [3m(router_discovery.py:53:lmcache.v1.utils.router_discovery)[0m
[32;20m[2026-09-28 21:47:13,275] LMCache INFO:[0m Discovered API module: quota_api [3m(router_discovery.py:53:lmcache.v1.utils.router_discovery)[0m
[32;20m[2026-09-28 21:47:13,277] LMCache INFO:[0m Discovered API module: reconfigure_api [3m(router_discovery.py:53:lmcache.v1.utils.router_discovery)[0m
[32;20m[2026-09-28 21:47:13,294] LMCache INFO:[0m CudaPinMemoryBackend: using torch cudart [3m(pin_memory.py:89:lmcache.v1.platform.cuda.pin_memory)[0m
[32;20m[2026-09-28 21:47:13,295] LMCache INFO:[0m Starting LMCache HTTP server on http://127.0.0.1:18181 [3m(http_server.py:259:lmcache.v1.multiprocess.http_server)[0m
INFO:     Started server process [2609150]
INFO:     Waiting for application startup.
[32;20m[2026-09-28 21:47:13,305] LMCache INFO:[0m Starting LMCache HTTP server... (accelerator available: True) [3m(http_server.py:77:lmcache.v1.multiprocess.http_server)[0m
[32;20m[2026-09-28 21:47:13,307] LMCache INFO:[0m OTel MeterProvider initialised with Prometheus fallback (standalone metrics HTTP server disabled; /metrics must be exposed by the caller), resource={'telemetry.sdk.language': 'python', 'telemetry.sdk.name': 'opentelemetry', 'telemetry.sdk.version': '1.40.0', 'service.instance.id': '2422db27-1b78-4e8f-b20d-8aa43a26c78a', 'service.name': 'unknown_service'} [3m(otel_init.py:114:lmcache.v1.mp_observability.otel_init)[0m
[32;20m[2026-09-28 21:47:13,494] LMCache INFO:[0m Starting L1EvictionController... [3m(eviction_controller.py:53:lmcache.v1.distributed.storage_controllers.eviction_controller)[0m
[32;20m[2026-09-28 21:47:13,495] LMCache INFO:[0m Initialized FSL2Adapter with base_path=/home/alexsky2/Company/runs/gpu-preparation/verified-2/l2, relative_tmp_dir=None, read_ahead_size=None, use_odirect=False [3m(fs_l2_adapter.py:304:lmcache.v1.distributed.l2_adapters.fs_l2_adapter)[0m
[32;20m[2026-09-28 21:47:13,495] LMCache INFO:[0m Starting L2EvictionController... [3m(eviction_controller.py:250:lmcache.v1.distributed.storage_controllers.eviction_controller)[0m
[32;20m[2026-09-28 21:47:13,495] LMCache INFO:[0m Starting StoreController... [3m(store_controller.py:305:lmcache.v1.distributed.storage_controllers.store_controller)[0m
[32;20m[2026-09-28 21:47:13,495] LMCache INFO:[0m Starting PrefetchController... [3m(prefetch_controller.py:596:lmcache.v1.distributed.storage_controllers.prefetch_controller)[0m
[32;20m[2026-09-28 21:47:13,496] LMCache INFO:[0m Using blake3 hash function [3m(token_hasher.py:79:lmcache.v1.multiprocess.token_hasher)[0m
[32;20m[2026-09-28 21:47:13,496] LMCache INFO:[0m Computed NONE_HASH=b"~>\xff\x9e\xf7a:P4\x0e\xb1&w\xee\x03\xb8:\xc7Y\xfc\xba\x9b\xb3'\x05\xf0rH\xd5mG;" using hash function [3m(token_hasher.py:180:lmcache.v1.multiprocess.token_hasher)[0m
[32;20m[2026-09-28 21:47:13,496] LMCache INFO:[0m TokenHasher initialized: chunk_size=16, hash_algorithm=blake3 [3m(token_hasher.py:67:lmcache.v1.multiprocess.token_hasher)[0m
[32;20m[2026-09-28 21:47:13,496] LMCache INFO:[0m PeriodicThread SessionManager-cleanup-thread-732b93ddd4f0 entering main loop (interval=60.0s) [3m(periodic_thread.py:304:lmcache.v1.periodic_thread)[0m
[32;20m[2026-09-28 21:47:13,496] LMCache INFO:[0m Started PeriodicThread: SessionManager-cleanup-thread-732b93ddd4f0 (level=medium, interval=60.0s, init_wait=0.0s) [3m(periodic_thread.py:248:lmcache.v1.periodic_thread)[0m
[32;20m[2026-09-28 21:47:13,497] LMCache INFO:[0m PeriodicThread DeviceHostFuncDispatcher entering main loop (interval=0.0s) [3m(periodic_thread.py:304:lmcache.v1.periodic_thread)[0m
[32;20m[2026-09-28 21:47:13,497] LMCache INFO:[0m Started PeriodicThread: DeviceHostFuncDispatcher (level=high, interval=0.0s, init_wait=0.0s) [3m(periodic_thread.py:248:lmcache.v1.periodic_thread)[0m
[32;20m[2026-09-28 21:47:13,497] LMCache INFO:[0m Supported transfer mode: lmcache_driven [3m(server.py:188:lmcache.v1.multiprocess.server)[0m
[32;20m[2026-09-28 21:47:13,497] LMCache INFO:[0m PeriodicThread lmcache-mp-worker-reaper entering main loop (interval=30.0s) [3m(periodic_thread.py:304:lmcache.v1.periodic_thread)[0m
[32;20m[2026-09-28 21:47:13,497] LMCache INFO:[0m Started PeriodicThread: lmcache-mp-worker-reaper (level=medium, interval=30.0s, init_wait=0.0s) [3m(periodic_thread.py:248:lmcache.v1.periodic_thread)[0m
[32;20m[2026-09-28 21:47:13,518] LMCache INFO:[0m Created AffinityThreadPool 'affinity-pool-0' with 1 worker slots: up to 1 distinct affinity keys each bind to their own thread before slots are shared. Compare this against the number of clients expected to connect to confirm routing. [3m(affinity_pool.py:60:lmcache.v1.multiprocess.affinity_pool)[0m
[32;20m[2026-09-28 21:47:13,518] LMCache INFO:[0m LMCache ZMQ cache server is running on tcp://127.0.0.1:15555 [3m(server.py:386:lmcache.v1.multiprocess.server)[0m
[32;20m[2026-09-28 21:47:13,519] LMCache INFO:[0m LMCache cache server is running... [3m(server.py:401:lmcache.v1.multiprocess.server)[0m
[32;20m[2026-09-28 21:47:13,519] LMCache INFO:[0m LMCache HTTP server initialized [3m(http_server.py:164:lmcache.v1.multiprocess.http_server)[0m
INFO:     Application startup complete.
INFO:     Uvicorn running on http://127.0.0.1:18181 (Press CTRL+C to quit)
[32;20m[2026-09-28 21:47:13,979] LMCache INFO:[0m Checking memory allocator consistency [3m(tensor_memory_allocator.py:297:lmcache.v1.memory_management)[0m
[32;20m[2026-09-28 21:47:13,979] LMCache INFO:[0m  - Total active allocations: 0 [3m(tensor_memory_allocator.py:298:lmcache.v1.memory_management)[0m
[32;20m[2026-09-28 21:47:13,979] LMCache INFO:[0m  - Total allocated size: 0.000000 MB [3m(tensor_memory_allocator.py:299:lmcache.v1.memory_management)[0m
[32;20m[2026-09-28 21:47:13,979] LMCache INFO:[0m  - Total free size: 512.000000 MB [3m(tensor_memory_allocator.py:306:lmcache.v1.memory_management)[0m
INFO:     127.0.0.1:39952 - "GET /status HTTP/1.1" 200 OK
[32;20m[2026-09-28 21:47:30,954] LMCache INFO:[0m Engine KV Format: EngineKVFormat.NL_X_NB_BS_NH_CS NL x [NB, BS, NH, CS] [3m(detection.py:69:lmcache.v1.gpu_connector.kv_format.detection)[0m
[32;20m[2026-09-28 21:47:30,955] LMCache INFO:[0m Engine KV Format: EngineKVFormat.NL_X_NB_BS_NH_CS NL x [NB, BS, NH, CS] [3m(detection.py:69:lmcache.v1.gpu_connector.kv_format.detection)[0m
[32;20m[2026-09-28 21:47:30,955] LMCache INFO:[0m Group 0 first-layer tensor: layer_idx=0 shape=(1696, 16, 8, 256) stride=(32768, 2048, 256, 1) is_contiguous=True dtype=torch.bfloat16 device=cuda:0 storage_offset=0 numel=55574528 storage_nbytes=3112173568 padding_per_block=0 [3m(utils.py:608:lmcache.v1.gpu_connector.utils)[0m
[32;20m[2026-09-28 21:47:30,955] LMCache INFO:[0m KV layer groups: ---
KernelGroupInfo(layers=28, indices=0-27, shape_desc=(kv=1, nl=28, nb=1696, bs=16, nh=8, hs=256, element_size=2, block_stride_elems=32768), dtype=torch.bfloat16, tokens_per_block=16, slots_per_block=16, engine_group_idx=0, sw_size_tokens=-1)
--- [3m(kv_layer_groups.py:474:lmcache.v1.kv_layer_groups)[0m
[32;20m[2026-09-28 21:47:30,994] LMCache INFO:[0m Registered KV cache for GPU ID 294430029939094971 with 28 layers [3m(lmcache_driven_transfer.py:1009:lmcache.v1.multiprocess.modules.lmcache_driven_transfer)[0m
[32;20m[2026-09-28 21:47:30,994] LMCache INFO:[0m Initialized cuda stream on device cuda:0 [3m(cache_context.py:463:lmcache.v1.platform.cuda.cache_context)[0m
[32;20m[2026-09-28 21:47:33,542] LMCache INFO:[0m AffinityThreadPool: affinity_key=-7489921690173773951 assigned to worker slot 0 of 1 (thread affinity-pool-0-0); 1 distinct key(s) now bound [3m(affinity_pool.py:108:lmcache.v1.multiprocess.affinity_pool)[0m
[32;20m[2026-09-28 21:47:33,570] LMCache INFO:[0m Stored 352 tokens in 0.027 seconds [3m(lmcache_driven_transfer.py:1276:lmcache.v1.multiprocess.modules.lmcache_driven_transfer)[0m
[32;20m[2026-09-28 21:47:34,116] LMCache INFO:[0m Checking memory allocator consistency [3m(tensor_memory_allocator.py:297:lmcache.v1.memory_management)[0m
[32;20m[2026-09-28 21:47:34,116] LMCache INFO:[0m  - Total active allocations: 22 [3m(tensor_memory_allocator.py:298:lmcache.v1.memory_management)[0m
[32;20m[2026-09-28 21:47:34,116] LMCache INFO:[0m  - Total allocated size: 38.500000 MB [3m(tensor_memory_allocator.py:299:lmcache.v1.memory_management)[0m
[32;20m[2026-09-28 21:47:34,117] LMCache INFO:[0m  - Total free size: 473.500000 MB [3m(tensor_memory_allocator.py:306:lmcache.v1.memory_management)[0m
INFO:     127.0.0.1:37430 - "GET /status HTTP/1.1" 200 OK
[32;20m[2026-09-28 21:47:34,119] LMCache INFO:[0m Checking memory allocator consistency [3m(tensor_memory_allocator.py:297:lmcache.v1.memory_management)[0m
[32;20m[2026-09-28 21:47:34,119] LMCache INFO:[0m  - Total active allocations: 22 [3m(tensor_memory_allocator.py:298:lmcache.v1.memory_management)[0m
[32;20m[2026-09-28 21:47:34,119] LMCache INFO:[0m  - Total allocated size: 38.500000 MB [3m(tensor_memory_allocator.py:299:lmcache.v1.memory_management)[0m
[32;20m[2026-09-28 21:47:34,119] LMCache INFO:[0m  - Total free size: 473.500000 MB [3m(tensor_memory_allocator.py:306:lmcache.v1.memory_management)[0m
[32;20m[2026-09-28 21:47:34,119] LMCache INFO:[0m L1Manager memcheck: total objects = 22, write-locked = 0, read-locked = 0 [3m(l1_manager.py:922:lmcache.v1.distributed.l1_manager)[0m
[33;20m[2026-09-28 21:47:34,119] LMCache WARNING:[0m L1Manager: force-clearing all 22 objects (including locked ones). This may corrupt in-flight store/prefetch operations — use with caution. [3m(l1_manager.py:761:lmcache.v1.distributed.l1_manager)[0m
[32;20m[2026-09-28 21:47:34,119] LMCache INFO:[0m L1Manager: cleared 22 objects, 0 remaining. [3m(l1_manager.py:780:lmcache.v1.distributed.l1_manager)[0m
[32;20m[2026-09-28 21:47:34,119] LMCache INFO:[0m Checking memory allocator consistency [3m(tensor_memory_allocator.py:297:lmcache.v1.memory_management)[0m
[32;20m[2026-09-28 21:47:34,119] LMCache INFO:[0m  - Total active allocations: 0 [3m(tensor_memory_allocator.py:298:lmcache.v1.memory_management)[0m
[32;20m[2026-09-28 21:47:34,120] LMCache INFO:[0m  - Total allocated size: 0.000000 MB [3m(tensor_memory_allocator.py:299:lmcache.v1.memory_management)[0m
[32;20m[2026-09-28 21:47:34,120] LMCache INFO:[0m  - Total free size: 512.000000 MB [3m(tensor_memory_allocator.py:306:lmcache.v1.memory_management)[0m
[32;20m[2026-09-28 21:47:34,120] LMCache INFO:[0m L1Manager memcheck: total objects = 0, write-locked = 0, read-locked = 0 [3m(l1_manager.py:922:lmcache.v1.distributed.l1_manager)[0m
[32;20m[2026-09-28 21:47:34,120] LMCache INFO:[0m Cache cleared via HTTP API [3m(cache_api.py:190:lmcache.v1.multiprocess.http_apis.cache_api)[0m
INFO:     127.0.0.1:37430 - "POST /cache/clear HTTP/1.1" 200 OK
[32;20m[2026-09-28 21:47:34,120] LMCache INFO:[0m Checking memory allocator consistency [3m(tensor_memory_allocator.py:297:lmcache.v1.memory_management)[0m
[32;20m[2026-09-28 21:47:34,120] LMCache INFO:[0m  - Total active allocations: 0 [3m(tensor_memory_allocator.py:298:lmcache.v1.memory_management)[0m
[32;20m[2026-09-28 21:47:34,120] LMCache INFO:[0m  - Total allocated size: 0.000000 MB [3m(tensor_memory_allocator.py:299:lmcache.v1.memory_management)[0m
[32;20m[2026-09-28 21:47:34,120] LMCache INFO:[0m  - Total free size: 512.000000 MB [3m(tensor_memory_allocator.py:306:lmcache.v1.memory_management)[0m
INFO:     127.0.0.1:37430 - "GET /status HTTP/1.1" 200 OK
INFO:     127.0.0.1:37436 - "GET /version HTTP/1.1" 200 OK
[32;20m[2026-09-28 21:47:34,125] LMCache INFO:[0m Checking memory allocator consistency [3m(tensor_memory_allocator.py:297:lmcache.v1.memory_management)[0m
[32;20m[2026-09-28 21:47:34,125] LMCache INFO:[0m  - Total active allocations: 0 [3m(tensor_memory_allocator.py:298:lmcache.v1.memory_management)[0m
[32;20m[2026-09-28 21:47:34,125] LMCache INFO:[0m  - Total allocated size: 0.000000 MB [3m(tensor_memory_allocator.py:299:lmcache.v1.memory_management)[0m
[32;20m[2026-09-28 21:47:34,125] LMCache INFO:[0m  - Total free size: 512.000000 MB [3m(tensor_memory_allocator.py:306:lmcache.v1.memory_management)[0m
INFO:     127.0.0.1:37436 - "GET /status HTTP/1.1" 200 OK
INFO:     127.0.0.1:37436 - "POST /cache/prefetches HTTP/1.1" 202 Accepted
INFO:     127.0.0.1:37436 - "GET /cache/prefetches/972126ba06f1488f98aa6ef364fbd51f HTTP/1.1" 200 OK
[32;20m[2026-09-28 21:47:34,148] LMCache INFO:[0m Prefetch request completed (L1+L2): 22/22 retained keys (0 L1, 22 L2) in 22.0 ms (external_request_id=, prefetch_request_id=1) [3m(storage_manager.py:726:lmcache.v1.distributed.storage_manager)[0m
[32;20m[2026-09-28 21:47:34,148] LMCache INFO:[0m Warm prefetch 972126ba06f1488f98aa6ef364fbd51f completed: 22/22 keys loaded into L1 [3m(warm_prefetch.py:133:lmcache.v1.multiprocess.warm_prefetch)[0m
INFO:     127.0.0.1:37436 - "GET /cache/prefetches/972126ba06f1488f98aa6ef364fbd51f HTTP/1.1" 200 OK
[32;20m[2026-09-28 21:47:34,149] LMCache INFO:[0m Checking memory allocator consistency [3m(tensor_memory_allocator.py:297:lmcache.v1.memory_management)[0m
[32;20m[2026-09-28 21:47:34,149] LMCache INFO:[0m  - Total active allocations: 22 [3m(tensor_memory_allocator.py:298:lmcache.v1.memory_management)[0m
[32;20m[2026-09-28 21:47:34,149] LMCache INFO:[0m  - Total allocated size: 38.500000 MB [3m(tensor_memory_allocator.py:299:lmcache.v1.memory_management)[0m
[32;20m[2026-09-28 21:47:34,149] LMCache INFO:[0m  - Total free size: 473.500000 MB [3m(tensor_memory_allocator.py:306:lmcache.v1.memory_management)[0m
INFO:     127.0.0.1:37430 - "GET /status HTTP/1.1" 200 OK
[32;20m[2026-09-28 21:47:34,154] LMCache INFO:[0m Prefetch request completed (L1+L2): 22/22 retained keys (22 L1, 0 L2) in 1.2 ms (external_request_id=cmpl-b9a230328399bf6b-0-addbd4d7, prefetch_request_id=-1) [3m(storage_manager.py:726:lmcache.v1.distributed.storage_manager)[0m
[32;20m[2026-09-28 21:47:34,156] LMCache INFO:[0m Retrieved 352 tokens in 0.001 seconds [3m(lmcache_driven_transfer.py:1520:lmcache.v1.multiprocess.modules.lmcache_driven_transfer)[0m
[32;20m[2026-09-28 21:47:34,259] LMCache INFO:[0m Unregistered KV cache for GPU ID 294430029939094971 [3m(lmcache_driven_transfer.py:1036:lmcache.v1.multiprocess.modules.lmcache_driven_transfer)[0m
INFO:     Shutting down
INFO:     Waiting for application shutdown.
[32;20m[2026-09-28 21:47:34,762] LMCache INFO:[0m Shutting down LMCache HTTP server... [3m(http_server.py:169:lmcache.v1.multiprocess.http_server)[0m
[32;20m[2026-09-28 21:47:35,261] LMCache INFO:[0m Stopping PeriodicThread: lmcache-mp-worker-reaper [3m(periodic_thread.py:267:lmcache.v1.periodic_thread)[0m
[32;20m[2026-09-28 21:47:35,261] LMCache INFO:[0m PeriodicThread lmcache-mp-worker-reaper loop stopped [3m(periodic_thread.py:371:lmcache.v1.periodic_thread)[0m
[32;20m[2026-09-28 21:47:35,261] LMCache INFO:[0m Stopping PeriodicThread: DeviceHostFuncDispatcher [3m(periodic_thread.py:267:lmcache.v1.periodic_thread)[0m
[32;20m[2026-09-28 21:47:35,262] LMCache INFO:[0m PeriodicThread DeviceHostFuncDispatcher loop stopped [3m(periodic_thread.py:371:lmcache.v1.periodic_thread)[0m
[32;20m[2026-09-28 21:47:35,262] LMCache INFO:[0m Stopping PeriodicThread: SessionManager-cleanup-thread-732b93ddd4f0 [3m(periodic_thread.py:267:lmcache.v1.periodic_thread)[0m
[32;20m[2026-09-28 21:47:35,262] LMCache INFO:[0m PeriodicThread SessionManager-cleanup-thread-732b93ddd4f0 loop stopped [3m(periodic_thread.py:371:lmcache.v1.periodic_thread)[0m
[32;20m[2026-09-28 21:47:35,498] LMCache INFO:[0m FSL2Adapter closed [3m(fs_l2_adapter.py:487:lmcache.v1.distributed.l2_adapters.fs_l2_adapter)[0m
[32;20m[2026-09-28 21:47:35,507] LMCache INFO:[0m MPCacheServer closed [3m(server.py:115:lmcache.v1.multiprocess.server)[0m
[32;20m[2026-09-28 21:47:35,507] LMCache INFO:[0m LMCache HTTP server stopped [3m(http_server.py:187:lmcache.v1.multiprocess.http_server)[0m
INFO:     Application shutdown complete.
INFO:     Finished server process [2609150]
